exports[`<Bar /> should render correctly 1`] = `
<h1>
  Bar
</h1>
`;
