exports[`<Foo /> should render correctly 1`] = `
<h1>
  Foo
</h1>
`;
